warning: Git tree '/Users/nlaundry/Projects/homelab-config' is dirty
evaluating flake...
checking flake output 'nixosConfigurations'...
checking NixOS configuration 'nixosConfigurations.nas'...
evaluation warning: The option `services.avahi.nssmdns' defined in `/nix/store/1pdjj0fhh1hyjvjz5aiacqkzlzi85j9g-source/hosts/nas/avahi.nix' has been renamed to `services.avahi.nssmdns4'.
checking flake output 'packages'...
checking derivation packages.x86_64-linux.specbase...
derivation evaluated to /nix/store/d6hl1b1dk0shsyiz7zbdrccb5dh2mp96-specbase-1.6.0.drv
checking derivation packages.x86_64-linux.repo-tools...
derivation evaluated to /nix/store/gs1piqc1lrcwna98b54b71al437p00ar-homelab-repo-tools.drv
checking derivation packages.aarch64-darwin.specbase...
derivation evaluated to /nix/store/nyq5p33acxaq8m7746zzsdyqym9sd7az-specbase-1.6.0.drv
checking derivation packages.aarch64-darwin.repo-tools...
derivation evaluated to /nix/store/k7ngr37c054q3cw83z6iybi9pinx42py-homelab-repo-tools.drv
checking flake output 'devShells'...
checking derivation devShells.x86_64-linux.default...
derivation evaluated to /nix/store/vckw0pngckz6rw2ry5ms5sirww9ihz8r-homelab-config.drv
checking derivation devShells.aarch64-darwin.default...
derivation evaluated to /nix/store/c036kq1zl2s8428yhg21kfazq6913h8x-homelab-config.drv
checking flake output 'apps'...
checking app 'apps.x86_64-linux.specbase'...
checking app 'apps.x86_64-linux.harness'...
checking app 'apps.x86_64-linux.verify'...
checking app 'apps.x86_64-linux.nixos-rebuild'...
checking app 'apps.aarch64-darwin.specbase'...
checking app 'apps.aarch64-darwin.harness'...
checking app 'apps.aarch64-darwin.verify'...
checking app 'apps.aarch64-darwin.nixos-rebuild'...
checking flake output 'checks'...
checking derivation checks.x86_64-linux.tooling-environment...
derivation evaluated to /nix/store/78f0315z87jmw8fhampcmlwg9760ir9k-homelab-tooling-environment.drv
checking derivation checks.x86_64-linux.vm-harness-private-network...
derivation evaluated to /nix/store/rd700da8llqpp709ixasf5kcl5ba63qh-vm-test-run-harness-private-network.drv
checking derivation checks.x86_64-linux.nas-samba-vm...
derivation evaluated to /nix/store/3mbzvda6zb0s9hcziwvjqbv7qmz1land-vm-test-run-nas-samba-behavior.drv
checking derivation checks.x86_64-linux.vm-tests...
derivation evaluated to /nix/store/7hp1z36m1qfn53gy1jf0mji1chn4xgks-homelab-vm-tests.drv
checking derivation checks.aarch64-darwin.tooling-environment...
derivation evaluated to /nix/store/ryjiyndp27ngfswf3snwixlr7i9iwixp-homelab-tooling-environment.drv
