command=make test-current-bindings
started=2026-08-28T19:25:47Z
revision=32a5772200a82509db25a27647a28ee7ae3590b3
nix develop --no-update-lock-file --command env "TEST_STORE=ssh-ng://operator@10.10.10.11?ssh-key=<redacted-key-path>&system-features=kvm%20nixos-test" tests/specbase/current-bindings.sh all-local
warning: Git tree '/Users/nlaundry/Projects/homelab-config' is dirty
binding flake-output-shape...
warning: Git tree '/Users/nlaundry/Projects/homelab-config' is dirty
evaluation warning: The option `services.avahi.nssmdns' defined in `/nix/store/xy6hjfqsh65kyw7yp3viy8pckvd0mxia-source/hosts/nas/avahi.nix' has been renamed to `services.avahi.nssmdns4'.
observation managed-hosts={"nas":{"hostName":"NASty","targetSystem":"x86_64-linux","toplevelDrvPath":"/nix/store/3kk8ndgvrdqzplgvimj9q2xn99bqnbrk-nixos-system-NASty-26.05.20260804.04607e1.drv"}}
binding flake-output-shape ok
binding host-module-layout...
observation host-module-siblings=hosts/nas/avahi.nix,hosts/nas/default.nix,hosts/nas/hardware-configuration.nix,hosts/nas/samba.nix,hosts/nas/zfs.nix,
binding host-module-layout ok
binding host-concern-ownership...
observation zfs-owner=hosts/nas/zfs.nix
binding host-concern-ownership ok
binding nas-configuration...
warning: Git tree '/Users/nlaundry/Projects/homelab-config' is dirty
evaluation warning: The option `services.avahi.nssmdns' defined in `/nix/store/xy6hjfqsh65kyw7yp3viy8pckvd0mxia-source/hosts/nas/avahi.nix' has been renamed to `services.avahi.nssmdns4'.
observation nas-configuration={"forceImportRoot":false,"hostId":"007f0200","pools":["smolBoy","mediaBin"],"stateVersion":"26.05","targetSystem":"x86_64-linux","zfsSupported":true}
binding nas-configuration ok
binding operator-configuration...
warning: Git tree '/Users/nlaundry/Projects/homelab-config' is dirty
observation operator-policy={"extraGroups":["wheel","networkmanager"],"isNormalUser":true,"keyCount":1,"wheelNeedsPassword":false}
observation operator-key-digest=eb702fd7d530748417c6a7aa240c54ba5f8698fd7b7bc0e97b352619e65d1aa3
binding operator-configuration ok
binding kernel-zfs-projection...
warning: Git tree '/Users/nlaundry/Projects/homelab-config' is dirty
evaluation warning: The option `services.avahi.nssmdns' defined in `/nix/store/xy6hjfqsh65kyw7yp3viy8pckvd0mxia-source/hosts/nas/avahi.nix' has been renamed to `services.avahi.nssmdns4'.
observation kernel-zfs={"kernelDrvPath":"/nix/store/vdg4bivlm5gz342wsh4kf12ns28yildb-linux-6.18.42.drv","kernelVersion":"6.18.42","targetSystem":"x86_64-linux","toplevelDrvPath":"/nix/store/3kk8ndgvrdqzplgvimj9q2xn99bqnbrk-nixos-system-NASty-26.05.20260804.04607e1.drv","zfsModuleAttribute":"zfs_2_4","zfsModuleBroken":false,"zfsModuleDrvPath":"/nix/store/dpynyrz3mkwbikh0x76sm3ycprkv41ws-zfs-kernel-2.4.3-6.18.42.drv"}
binding kernel-zfs-projection ok
binding lock-resolution...
warning: Git tree '/Users/nlaundry/Projects/homelab-config' is dirty
warning: Git tree '/Users/nlaundry/Projects/homelab-config' is dirty
observation nixpkgs-lock={"locked":{"narHash":"sha256-fKCq5jphd6l/Ms6gc3dptkw/TcKLYub9lQE5g6rbbkc=","rev":"04607e1165ac22c5fde6dcc54c9e0b3c0487c555"},"original":{"owner":"NixOS","ref":"nixos-26.05","repo":"nixpkgs","type":"github"}}
observation state-version=26.05
binding lock-resolution ok
binding flake-evaluates-against-lock...
warning: Git tree '/Users/nlaundry/Projects/homelab-config' is dirty
evaluating flake...
checking flake output 'nixosConfigurations'...
checking NixOS configuration 'nixosConfigurations.nas'...
evaluation warning: The option `services.avahi.nssmdns' defined in `/nix/store/xy6hjfqsh65kyw7yp3viy8pckvd0mxia-source/hosts/nas/avahi.nix' has been renamed to `services.avahi.nssmdns4'.
checking flake output 'packages'...
checking derivation packages.x86_64-linux.specbase...
derivation evaluated to /nix/store/d6hl1b1dk0shsyiz7zbdrccb5dh2mp96-specbase-1.6.0.drv
checking derivation packages.x86_64-linux.repo-tools...
derivation evaluated to /nix/store/gs1piqc1lrcwna98b54b71al437p00ar-homelab-repo-tools.drv
checking derivation packages.aarch64-darwin.specbase...
derivation evaluated to /nix/store/nyq5p33acxaq8m7746zzsdyqym9sd7az-specbase-1.6.0.drv
checking derivation packages.aarch64-darwin.repo-tools...
derivation evaluated to /nix/store/k7ngr37c054q3cw83z6iybi9pinx42py-homelab-repo-tools.drv
checking flake output 'devShells'...
checking derivation devShells.x86_64-linux.default...
derivation evaluated to /nix/store/vckw0pngckz6rw2ry5ms5sirww9ihz8r-homelab-config.drv
checking derivation devShells.aarch64-darwin.default...
derivation evaluated to /nix/store/c036kq1zl2s8428yhg21kfazq6913h8x-homelab-config.drv
checking flake output 'apps'...
checking app 'apps.x86_64-linux.specbase'...
checking app 'apps.x86_64-linux.harness'...
checking app 'apps.x86_64-linux.verify'...
checking app 'apps.x86_64-linux.nixos-rebuild'...
checking app 'apps.aarch64-darwin.specbase'...
checking app 'apps.aarch64-darwin.harness'...
checking app 'apps.aarch64-darwin.verify'...
checking app 'apps.aarch64-darwin.nixos-rebuild'...
checking flake output 'checks'...
checking derivation checks.x86_64-linux.tooling-environment...
derivation evaluated to /nix/store/78f0315z87jmw8fhampcmlwg9760ir9k-homelab-tooling-environment.drv
checking derivation checks.x86_64-linux.vm-harness-private-network...
derivation evaluated to /nix/store/rd700da8llqpp709ixasf5kcl5ba63qh-vm-test-run-harness-private-network.drv
checking derivation checks.x86_64-linux.nas-samba-vm...
derivation evaluated to /nix/store/3mbzvda6zb0s9hcziwvjqbv7qmz1land-vm-test-run-nas-samba-behavior.drv
checking derivation checks.x86_64-linux.vm-tests...
derivation evaluated to /nix/store/7hp1z36m1qfn53gy1jf0mji1chn4xgks-homelab-vm-tests.drv
checking derivation checks.aarch64-darwin.tooling-environment...
derivation evaluated to /nix/store/ryjiyndp27ngfswf3snwixlr7i9iwixp-homelab-tooling-environment.drv
observation flake-check=no-build-success
binding flake-evaluates-against-lock ok
binding managed-host-closure...
warning: Git tree '/Users/nlaundry/Projects/homelab-config' is dirty
evaluation warning: The option `services.avahi.nssmdns' defined in `/nix/store/xy6hjfqsh65kyw7yp3viy8pckvd0mxia-source/hosts/nas/avahi.nix' has been renamed to `services.avahi.nssmdns4'.
warning: Git tree '/Users/nlaundry/Projects/homelab-config' is dirty
evaluation warning: The option `services.avahi.nssmdns' defined in `/nix/store/xy6hjfqsh65kyw7yp3viy8pckvd0mxia-source/hosts/nas/avahi.nix' has been renamed to `services.avahi.nssmdns4'.
copying 0 paths...
observation closure-output=/nix/store/q5zcyid8f0iv10cf2k23bbh8q9vr4qlj-nixos-system-NASty-26.05.20260804.04607e1
observation closure-builder=ssh-ng://operator@10.10.10.11?ssh-key=<redacted-key-path>&system-features=kvm%20nixos-test
binding managed-host-closure ok
finished=2026-08-28T19:26:26Z
exit=0
