command=nix flake check --no-build --show-trace
started=2026-08-28T19:02:33Z
system=aarch64-darwin
lock_rev=32a5772200a82509db25a27647a28ee7ae3590b3
warning: Git tree '/Users/nlaundry/Projects/homelab-config' is dirty
evaluating flake...
checking flake output 'nixosConfigurations'...
checking NixOS configuration 'nixosConfigurations.nas'...
evaluation warning: The option `services.avahi.nssmdns' defined in `/nix/store/4gbv4pxpc22n3iipp51aaq22waazxr1s-source/hosts/nas/avahi.nix' has been renamed to `services.avahi.nssmdns4'.
checking flake output 'packages'...
checking derivation packages.aarch64-darwin.specbase...
derivation evaluated to /nix/store/nyq5p33acxaq8m7746zzsdyqym9sd7az-specbase-1.6.0.drv
checking derivation packages.aarch64-darwin.repo-tools...
derivation evaluated to /nix/store/k7ngr37c054q3cw83z6iybi9pinx42py-homelab-repo-tools.drv
checking flake output 'devShells'...
checking derivation devShells.aarch64-darwin.default...
derivation evaluated to /nix/store/c036kq1zl2s8428yhg21kfazq6913h8x-homelab-config.drv
checking flake output 'apps'...
checking app 'apps.aarch64-darwin.specbase'...
checking app 'apps.aarch64-darwin.harness'...
checking app 'apps.aarch64-darwin.verify'...
checking app 'apps.aarch64-darwin.nixos-rebuild'...
checking flake output 'checks'...
checking derivation checks.aarch64-darwin.tooling-environment...
derivation evaluated to /nix/store/ryjiyndp27ngfswf3snwixlr7i9iwixp-homelab-tooling-environment.drv
warning: The check omitted these incompatible systems: x86_64-linux
Use '--all-systems' to check all.
finished=2026-08-28T19:02:42Z
exit=0
